Sender: LSF System <lsfadmin@b6df50eb69.cern.ch>
Subject: Job 100889062: </afs/cern.ch/user/s/scodella/work/BTagging/CMSSW_9_2_11/src/RecoBTag/PerformanceMeasurements/test/Trigger/runTriggerAnalysis.sh /afs/cern.ch/user/s/scodella/work/BTagging/CMSSW_9_2_11/src/RecoBTag/PerformanceMeasurements/test/Trigger JEtHT 2016 B,C,D> in cluster <batch> Done

Job </afs/cern.ch/user/s/scodella/work/BTagging/CMSSW_9_2_11/src/RecoBTag/PerformanceMeasurements/test/Trigger/runTriggerAnalysis.sh /afs/cern.ch/user/s/scodella/work/BTagging/CMSSW_9_2_11/src/RecoBTag/PerformanceMeasurements/test/Trigger JEtHT 2016 B,C,D> was submitted from host <lxplus088.cern.ch> by user <scodella> in cluster <batch>.
Job was executed on host(s) <b6df50eb69.cern.ch>, in queue <cmscaf1nd>, as user <scodella> in cluster <batch>.
</afs/cern.ch/user/s/scodella> was used as the home directory.
</afs/cern.ch/user/s/scodella/work/BTagging/CMSSW_9_2_11/src/RecoBTag/PerformanceMeasurements/test/Trigger/jobs> was used as the working directory.
Started at Mon Oct 23 10:33:00 2017
Results reported on Mon Oct 23 10:33:29 2017

Your job looked like:

------------------------------------------------------------
# LSBATCH: User input
/afs/cern.ch/user/s/scodella/work/BTagging/CMSSW_9_2_11/src/RecoBTag/PerformanceMeasurements/test/Trigger/runTriggerAnalysis.sh /afs/cern.ch/user/s/scodella/work/BTagging/CMSSW_9_2_11/src/RecoBTag/PerformanceMeasurements/test/Trigger JEtHT 2016 B,C,D
------------------------------------------------------------

Successfully completed.

Resource usage summary:

    CPU time :                                   1.65 sec.
    Max Memory :                                 5.91 MB
    Average Memory :                             5.91 MB
    Total Requested Memory :                     -
    Delta Memory :                               -
    Max Swap :                                   63 MB
    Max Processes :                              1
    Max Threads :                                1
    Run time :                                   23 sec.
    Turnaround time :                            31 sec.

The output (if any) follows:


---
It was not possible to return the standard output of your job <*16 B,C,D>,
id <100889062>, as expected. The file was returned to
</afs/cern.ch/user/s/scodella/work/BTagging/CMSSW_9_2_11/src/RecoBTag/PerformanceMeasurements/test/Trigger/jobs/LSFJOB_100889062/STDOUT>
