Sender: LSF System <lsfadmin@b6684d18e6.cern.ch>
Subject: Job 100889220: </afs/cern.ch/user/s/scodella/work/BTagging/CMSSW_9_2_11/src/RecoBTag/PerformanceMeasurements/test/Trigger/runTriggerAnalysis.sh /afs/cern.ch/user/s/scodella/work/BTagging/CMSSW_9_2_11/src/RecoBTag/PerformanceMeasurements/test/Trigger JetHT 2016 E,F,G,H> in cluster <batch> Done

Job </afs/cern.ch/user/s/scodella/work/BTagging/CMSSW_9_2_11/src/RecoBTag/PerformanceMeasurements/test/Trigger/runTriggerAnalysis.sh /afs/cern.ch/user/s/scodella/work/BTagging/CMSSW_9_2_11/src/RecoBTag/PerformanceMeasurements/test/Trigger JetHT 2016 E,F,G,H> was submitted from host <lxplus088.cern.ch> by user <scodella> in cluster <batch>.
Job was executed on host(s) <b6684d18e6.cern.ch>, in queue <cmscaf1nd>, as user <scodella> in cluster <batch>.
</afs/cern.ch/user/s/scodella> was used as the home directory.
</afs/cern.ch/user/s/scodella/work/BTagging/CMSSW_9_2_11/src/RecoBTag/PerformanceMeasurements/test/Trigger/jobs> was used as the working directory.
Started at Mon Oct 23 10:33:17 2017
Results reported on Tue Oct 24 00:49:20 2017

Your job looked like:

------------------------------------------------------------
# LSBATCH: User input
/afs/cern.ch/user/s/scodella/work/BTagging/CMSSW_9_2_11/src/RecoBTag/PerformanceMeasurements/test/Trigger/runTriggerAnalysis.sh /afs/cern.ch/user/s/scodella/work/BTagging/CMSSW_9_2_11/src/RecoBTag/PerformanceMeasurements/test/Trigger JetHT 2016 E,F,G,H
------------------------------------------------------------

Successfully completed.

Resource usage summary:

    CPU time :                                   5620.98 sec.
    Max Memory :                                 133.89 MB
    Average Memory :                             118.35 MB
    Total Requested Memory :                     -
    Delta Memory :                               -
    Max Swap :                                   1034 MB
    Max Processes :                              6
    Max Threads :                                13
    Run time :                                   51340 sec.
    Turnaround time :                            51364 sec.

The output (if any) follows:


---
It was not possible to return the standard output of your job <* E,F,G,H>,
id <100889220>, as expected. The file was returned to
</afs/cern.ch/user/s/scodella/work/BTagging/CMSSW_9_2_11/src/RecoBTag/PerformanceMeasurements/test/Trigger/jobs/LSFJOB_100889220/STDOUT>
