Sender: LSF System <lsfadmin@b6d987759f.cern.ch>
Subject: Job 100889122: </afs/cern.ch/user/s/scodella/work/BTagging/CMSSW_9_2_11/src/RecoBTag/PerformanceMeasurements/test/Trigger/runTriggerAnalysis.sh /afs/cern.ch/user/s/scodella/work/BTagging/CMSSW_9_2_11/src/RecoBTag/PerformanceMeasurements/test/Trigger JetHT 2016 B,C,D> in cluster <batch> Done

Job </afs/cern.ch/user/s/scodella/work/BTagging/CMSSW_9_2_11/src/RecoBTag/PerformanceMeasurements/test/Trigger/runTriggerAnalysis.sh /afs/cern.ch/user/s/scodella/work/BTagging/CMSSW_9_2_11/src/RecoBTag/PerformanceMeasurements/test/Trigger JetHT 2016 B,C,D> was submitted from host <lxplus088.cern.ch> by user <scodella> in cluster <batch>.
Job was executed on host(s) <b6d987759f.cern.ch>, in queue <cmscaf1nd>, as user <scodella> in cluster <batch>.
</afs/cern.ch/user/s/scodella> was used as the home directory.
</afs/cern.ch/user/s/scodella/work/BTagging/CMSSW_9_2_11/src/RecoBTag/PerformanceMeasurements/test/Trigger/jobs> was used as the working directory.
Started at Mon Oct 23 10:33:10 2017
Results reported on Mon Oct 23 20:47:38 2017

Your job looked like:

------------------------------------------------------------
# LSBATCH: User input
/afs/cern.ch/user/s/scodella/work/BTagging/CMSSW_9_2_11/src/RecoBTag/PerformanceMeasurements/test/Trigger/runTriggerAnalysis.sh /afs/cern.ch/user/s/scodella/work/BTagging/CMSSW_9_2_11/src/RecoBTag/PerformanceMeasurements/test/Trigger JetHT 2016 B,C,D
------------------------------------------------------------

Successfully completed.

Resource usage summary:

    CPU time :                                   3573.69 sec.
    Max Memory :                                 133.68 MB
    Average Memory :                             112.94 MB
    Total Requested Memory :                     -
    Delta Memory :                               -
    Max Swap :                                   1015 MB
    Max Processes :                              6
    Max Threads :                                13
    Run time :                                   36865 sec.
    Turnaround time :                            36870 sec.

The output (if any) follows:


---
It was not possible to return the standard output of your job <*16 B,C,D>,
id <100889122>, as expected. The file was returned to
</afs/cern.ch/user/s/scodella/work/BTagging/CMSSW_9_2_11/src/RecoBTag/PerformanceMeasurements/test/Trigger/jobs/LSFJOB_100889122/STDOUT>
