Sender: LSF System <lsfadmin@b61c1c89ea.cern.ch>
Subject: Job 100888861: </afs/cern.ch/user/s/scodella/work/BTagging/CMSSW_9_2_11/src/RecoBTag/PerformanceMeasurements/test/Trigger/runTriggerAnalysis.sh /afs/cern.ch/user/s/scodella/work/BTagging/CMSSW_9_2_11/src/RecoBTag/PerformanceMeasurements/test/Trigger BTagMu 2016 B,C,D> in cluster <batch> Done

Job </afs/cern.ch/user/s/scodella/work/BTagging/CMSSW_9_2_11/src/RecoBTag/PerformanceMeasurements/test/Trigger/runTriggerAnalysis.sh /afs/cern.ch/user/s/scodella/work/BTagging/CMSSW_9_2_11/src/RecoBTag/PerformanceMeasurements/test/Trigger BTagMu 2016 B,C,D> was submitted from host <lxplus088.cern.ch> by user <scodella> in cluster <batch>.
Job was executed on host(s) <b61c1c89ea.cern.ch>, in queue <cmscaf1nd>, as user <scodella> in cluster <batch>.
</afs/cern.ch/user/s/scodella> was used as the home directory.
</afs/cern.ch/user/s/scodella/work/BTagging/CMSSW_9_2_11/src/RecoBTag/PerformanceMeasurements/test/Trigger/jobs> was used as the working directory.
Started at Mon Oct 23 10:32:32 2017
Results reported on Mon Oct 23 12:54:46 2017

Your job looked like:

------------------------------------------------------------
# LSBATCH: User input
/afs/cern.ch/user/s/scodella/work/BTagging/CMSSW_9_2_11/src/RecoBTag/PerformanceMeasurements/test/Trigger/runTriggerAnalysis.sh /afs/cern.ch/user/s/scodella/work/BTagging/CMSSW_9_2_11/src/RecoBTag/PerformanceMeasurements/test/Trigger BTagMu 2016 B,C,D
------------------------------------------------------------

Successfully completed.

Resource usage summary:

    CPU time :                                   750.30 sec.
    Max Memory :                                 146.98 MB
    Average Memory :                             123.74 MB
    Total Requested Memory :                     -
    Delta Memory :                               -
    Max Swap :                                   1023 MB
    Max Processes :                              8
    Max Threads :                                15
    Run time :                                   8531 sec.
    Turnaround time :                            8536 sec.

The output (if any) follows:


---
It was not possible to return the standard output of your job <*16 B,C,D>,
id <100888861>, as expected. The file was returned to
</afs/cern.ch/user/s/scodella/work/BTagging/CMSSW_9_2_11/src/RecoBTag/PerformanceMeasurements/test/Trigger/jobs/LSFJOB_100888861/STDOUT>
