Sender: LSF System <lsfadmin@b6cabecc9b.cern.ch>
Subject: Job 100888928: </afs/cern.ch/user/s/scodella/work/BTagging/CMSSW_9_2_11/src/RecoBTag/PerformanceMeasurements/test/Trigger/runTriggerAnalysis.sh /afs/cern.ch/user/s/scodella/work/BTagging/CMSSW_9_2_11/src/RecoBTag/PerformanceMeasurements/test/Trigger BTagMu 2016 E,F,G,H> in cluster <batch> Done

Job </afs/cern.ch/user/s/scodella/work/BTagging/CMSSW_9_2_11/src/RecoBTag/PerformanceMeasurements/test/Trigger/runTriggerAnalysis.sh /afs/cern.ch/user/s/scodella/work/BTagging/CMSSW_9_2_11/src/RecoBTag/PerformanceMeasurements/test/Trigger BTagMu 2016 E,F,G,H> was submitted from host <lxplus088.cern.ch> by user <scodella> in cluster <batch>.
Job was executed on host(s) <b6cabecc9b.cern.ch>, in queue <cmscaf1nd>, as user <scodella> in cluster <batch>.
</afs/cern.ch/user/s/scodella> was used as the home directory.
</afs/cern.ch/user/s/scodella/work/BTagging/CMSSW_9_2_11/src/RecoBTag/PerformanceMeasurements/test/Trigger/jobs> was used as the working directory.
Started at Mon Oct 23 10:32:42 2017
Results reported on Mon Oct 23 15:09:39 2017

Your job looked like:

------------------------------------------------------------
# LSBATCH: User input
/afs/cern.ch/user/s/scodella/work/BTagging/CMSSW_9_2_11/src/RecoBTag/PerformanceMeasurements/test/Trigger/runTriggerAnalysis.sh /afs/cern.ch/user/s/scodella/work/BTagging/CMSSW_9_2_11/src/RecoBTag/PerformanceMeasurements/test/Trigger BTagMu 2016 E,F,G,H
------------------------------------------------------------

Successfully completed.

Resource usage summary:

    CPU time :                                   1121.45 sec.
    Max Memory :                                 132.95 MB
    Average Memory :                             106.98 MB
    Total Requested Memory :                     -
    Delta Memory :                               -
    Max Swap :                                   1004 MB
    Max Processes :                              6
    Max Threads :                                13
    Run time :                                   16594 sec.
    Turnaround time :                            16619 sec.

The output (if any) follows:


---
It was not possible to return the standard output of your job <* E,F,G,H>,
id <100888928>, as expected. The file was returned to
</afs/cern.ch/user/s/scodella/work/BTagging/CMSSW_9_2_11/src/RecoBTag/PerformanceMeasurements/test/Trigger/jobs/LSFJOB_100888928/STDOUT>
