Sender: LSF System <lsfadmin@b6bb801f58.cern.ch>
Subject: Job 102275346: </afs/cern.ch/user/s/scodella/work/BTagging/CMSSW_9_2_11/src/RecoBTag/PerformanceMeasurements/test/Trigger/runTriggerHistograms.sh /afs/cern.ch/user/s/scodella/work/BTagging/CMSSW_9_2_11/src/RecoBTag/PerformanceMeasurements/test/Trigger BTagMu 2016 D> in cluster <batch> Done

Job </afs/cern.ch/user/s/scodella/work/BTagging/CMSSW_9_2_11/src/RecoBTag/PerformanceMeasurements/test/Trigger/runTriggerHistograms.sh /afs/cern.ch/user/s/scodella/work/BTagging/CMSSW_9_2_11/src/RecoBTag/PerformanceMeasurements/test/Trigger BTagMu 2016 D> was submitted from host <lxplus068.cern.ch> by user <scodella> in cluster <batch>.
Job was executed on host(s) <b6bb801f58.cern.ch>, in queue <cmscaf1nd>, as user <scodella> in cluster <batch>.
</afs/cern.ch/user/s/scodella> was used as the home directory.
</afs/cern.ch/user/s/scodella/work/BTagging/CMSSW_9_2_11/src/RecoBTag/PerformanceMeasurements/test/Trigger/jobs> was used as the working directory.
Started at Fri Oct 27 14:02:03 2017
Results reported on Fri Oct 27 14:59:23 2017

Your job looked like:

------------------------------------------------------------
# LSBATCH: User input
/afs/cern.ch/user/s/scodella/work/BTagging/CMSSW_9_2_11/src/RecoBTag/PerformanceMeasurements/test/Trigger/runTriggerHistograms.sh /afs/cern.ch/user/s/scodella/work/BTagging/CMSSW_9_2_11/src/RecoBTag/PerformanceMeasurements/test/Trigger BTagMu 2016 D
------------------------------------------------------------

Successfully completed.

Resource usage summary:

    CPU time :                                   258.35 sec.
    Max Memory :                                 134.48 MB
    Average Memory :                             104.59 MB
    Total Requested Memory :                     -
    Delta Memory :                               -
    Max Swap :                                   1015 MB
    Max Processes :                              8
    Max Threads :                                15
    Run time :                                   3437 sec.
    Turnaround time :                            3441 sec.

The output (if any) follows:


---
It was not possible to return the standard output of your job <*u 2016 D>,
id <102275346>, as expected. The file was returned to
</afs/cern.ch/user/s/scodella/work/BTagging/CMSSW_9_2_11/src/RecoBTag/PerformanceMeasurements/test/Trigger/jobs/LSFJOB_102275346/STDOUT>
