Sender: LSF System <lsfadmin@b6ed16ee52.cern.ch>
Subject: Job 102275392: </afs/cern.ch/user/s/scodella/work/BTagging/CMSSW_9_2_11/src/RecoBTag/PerformanceMeasurements/test/Trigger/runTriggerHistograms.sh /afs/cern.ch/user/s/scodella/work/BTagging/CMSSW_9_2_11/src/RecoBTag/PerformanceMeasurements/test/Trigger BTagMu 2016 F> in cluster <batch> Done

Job </afs/cern.ch/user/s/scodella/work/BTagging/CMSSW_9_2_11/src/RecoBTag/PerformanceMeasurements/test/Trigger/runTriggerHistograms.sh /afs/cern.ch/user/s/scodella/work/BTagging/CMSSW_9_2_11/src/RecoBTag/PerformanceMeasurements/test/Trigger BTagMu 2016 F> was submitted from host <lxplus068.cern.ch> by user <scodella> in cluster <batch>.
Job was executed on host(s) <b6ed16ee52.cern.ch>, in queue <cmscaf1nd>, as user <scodella> in cluster <batch>.
</afs/cern.ch/user/s/scodella> was used as the home directory.
</afs/cern.ch/user/s/scodella/work/BTagging/CMSSW_9_2_11/src/RecoBTag/PerformanceMeasurements/test/Trigger/jobs> was used as the working directory.
Started at Fri Oct 27 14:02:21 2017
Results reported on Fri Oct 27 14:36:45 2017

Your job looked like:

------------------------------------------------------------
# LSBATCH: User input
/afs/cern.ch/user/s/scodella/work/BTagging/CMSSW_9_2_11/src/RecoBTag/PerformanceMeasurements/test/Trigger/runTriggerHistograms.sh /afs/cern.ch/user/s/scodella/work/BTagging/CMSSW_9_2_11/src/RecoBTag/PerformanceMeasurements/test/Trigger BTagMu 2016 F
------------------------------------------------------------

Successfully completed.

Resource usage summary:

    CPU time :                                   155.81 sec.
    Max Memory :                                 148.04 MB
    Average Memory :                             105.99 MB
    Total Requested Memory :                     -
    Delta Memory :                               -
    Max Swap :                                   1031 MB
    Max Processes :                              8
    Max Threads :                                15
    Run time :                                   2061 sec.
    Turnaround time :                            2065 sec.

The output (if any) follows:


---
It was not possible to return the standard output of your job <*u 2016 F>,
id <102275392>, as expected. The file was returned to
</afs/cern.ch/user/s/scodella/work/BTagging/CMSSW_9_2_11/src/RecoBTag/PerformanceMeasurements/test/Trigger/jobs/LSFJOB_102275392/STDOUT>
