Sender: LSF System <lsfadmin@b6cb2d13c3.cern.ch>
Subject: Job 102275387: </afs/cern.ch/user/s/scodella/work/BTagging/CMSSW_9_2_11/src/RecoBTag/PerformanceMeasurements/test/Trigger/runTriggerHistograms.sh /afs/cern.ch/user/s/scodella/work/BTagging/CMSSW_9_2_11/src/RecoBTag/PerformanceMeasurements/test/Trigger BTagMu 2016 E> in cluster <batch> Done

Job </afs/cern.ch/user/s/scodella/work/BTagging/CMSSW_9_2_11/src/RecoBTag/PerformanceMeasurements/test/Trigger/runTriggerHistograms.sh /afs/cern.ch/user/s/scodella/work/BTagging/CMSSW_9_2_11/src/RecoBTag/PerformanceMeasurements/test/Trigger BTagMu 2016 E> was submitted from host <lxplus068.cern.ch> by user <scodella> in cluster <batch>.
Job was executed on host(s) <b6cb2d13c3.cern.ch>, in queue <cmscaf1nd>, as user <scodella> in cluster <batch>.
</afs/cern.ch/user/s/scodella> was used as the home directory.
</afs/cern.ch/user/s/scodella/work/BTagging/CMSSW_9_2_11/src/RecoBTag/PerformanceMeasurements/test/Trigger/jobs> was used as the working directory.
Started at Fri Oct 27 14:02:18 2017
Results reported on Fri Oct 27 14:50:53 2017

Your job looked like:

------------------------------------------------------------
# LSBATCH: User input
/afs/cern.ch/user/s/scodella/work/BTagging/CMSSW_9_2_11/src/RecoBTag/PerformanceMeasurements/test/Trigger/runTriggerHistograms.sh /afs/cern.ch/user/s/scodella/work/BTagging/CMSSW_9_2_11/src/RecoBTag/PerformanceMeasurements/test/Trigger BTagMu 2016 E
------------------------------------------------------------

Successfully completed.

Resource usage summary:

    CPU time :                                   220.96 sec.
    Max Memory :                                 154.70 MB
    Average Memory :                             112.57 MB
    Total Requested Memory :                     -
    Delta Memory :                               -
    Max Swap :                                   1003 MB
    Max Processes :                              6
    Max Threads :                                13
    Run time :                                   2913 sec.
    Turnaround time :                            2917 sec.

The output (if any) follows:


---
It was not possible to return the standard output of your job <*u 2016 E>,
id <102275387>, as expected. The file was returned to
</afs/cern.ch/user/s/scodella/work/BTagging/CMSSW_9_2_11/src/RecoBTag/PerformanceMeasurements/test/Trigger/jobs/LSFJOB_102275387/STDOUT>
